// Jest Snapshot v1, https://goo.gl/fbAQLP

exports[`renders correctly 1`] = `
<View
  borderColor="#90be6d"
  style={
    Array [
      Object {
        "alignItems": "center",
        "borderColor": "#90be6d",
        "borderRadius": 10,
        "borderWidth": 1.5,
        "flexDirection": "row",
        "justifyContent": "space-between",
        "marginTop": 7,
        "paddingBottom": 10,
        "paddingLeft": 10,
        "paddingRight": 10,
        "paddingTop": 10,
      },
    ]
  }
>
  <View
    style={
      Array [
        Object {
          "width": "80%",
        },
      ]
    }
  >
    <Text
      style={
        Array [
          Object {
            "color": "#000",
          },
          Array [
            Object {
              "fontSize": 13,
            },
          ],
        ]
      }
    >
      Is Spiderman faster than Batman?
    </Text>
  </View>
  <View
    backgroundColor="#90be6d"
    style={
      Array [
        Object {
          "alignItems": "center",
          "backgroundColor": "#90be6d",
          "borderRadius": 8,
          "height": 27,
          "justifyContent": "center",
          "paddingBottom": 0,
          "paddingLeft": 5,
          "paddingRight": 5,
          "paddingTop": 0,
          "width": 57,
        },
      ]
    }
  >
    <Text
      style={
        Array [
          Object {
            "color": "#000",
          },
          Array [
            Object {
              "color": "white",
              "fontSize": 12,
            },
          ],
        ]
      }
    >
      True
    </Text>
  </View>
</View>
`;
